.next/types/validator.ts(152,39): error TS2307: Cannot find module '../../app/page.js' or its corresponding type declarations.
app/(auth)/signup/page.tsx(55,5): error TS2322: Type 'Resolver<{ firstName: string; lastName: string; email: string; password: string; confirmPassword: string; field: "ai_ml" | "biotech" | "finance" | "law" | "medicine" | "arts" | "engineering" | "research" | "entrepreneurship" | "other"; ... 12 more ...; isPublic?: boolean | undefined; }, any, { ...; }>' is not assignable to type 'Resolver<{ firstName: string; lastName: string; email: string; password: string; confirmPassword: string; field: "ai_ml" | "biotech" | "finance" | "law" | "medicine" | "arts" | "engineering" | "research" | "entrepreneurship" | "other"; ... 12 more ...; githubUrl?: string | undefined; }, any, { ...; }>'.
  Types of parameters 'options' and 'options' are incompatible.
    Type 'ResolverOptions<{ firstName: string; lastName: string; email: string; password: string; confirmPassword: string; field: "ai_ml" | "biotech" | "finance" | "law" | "medicine" | "arts" | "engineering" | "research" | "entrepreneurship" | "other"; ... 12 more ...; githubUrl?: string | undefined; }>' is not assignable to type 'ResolverOptions<{ firstName: string; lastName: string; email: string; password: string; confirmPassword: string; field: "ai_ml" | "biotech" | "finance" | "law" | "medicine" | "arts" | "engineering" | "research" | "entrepreneurship" | "other"; ... 12 more ...; isPublic?: boolean | undefined; }>'.
      Type 'boolean | undefined' is not assignable to type 'boolean'.
        Type 'undefined' is not assignable to type 'boolean'.
app/(auth)/signup/page.tsx(142,36): error TS2345: Argument of type '(data: SignupFormValues) => Promise<void>' is not assignable to parameter of type 'SubmitHandler<TFieldValues>'.
  Types of parameters 'data' and 'data' are incompatible.
    Type 'TFieldValues' is not assignable to type '{ firstName: string; lastName: string; email: string; password: string; confirmPassword: string; field: "ai_ml" | "biotech" | "finance" | "law" | "medicine" | "arts" | "engineering" | "research" | "entrepreneurship" | "other"; ... 12 more ...; githubUrl?: string | undefined; }'.
      Type 'FieldValues' is missing the following properties from type '{ firstName: string; lastName: string; email: string; password: string; confirmPassword: string; field: "ai_ml" | "biotech" | "finance" | "law" | "medicine" | "arts" | "engineering" | "research" | "entrepreneurship" | "other"; ... 12 more ...; githubUrl?: string | undefined; }': firstName, lastName, email, password, and 9 more.
app/(dashboard)/vault/page.tsx(24,23): error TS2322: Type '({ id: string; title: string; criterion: string; strength: "compelling"; strengthScore: number; organization: string; date: string; description: string; aiAnalysis: string; aiSuggestions: string; fileType: string; fileSize: number; externalUrl?: undefined; } | { ...; } | { ...; })[]' is not assignable to type 'EvidenceItem[]'.
  Type '{ id: string; title: string; criterion: string; strength: "compelling"; strengthScore: number; organization: string; date: string; description: string; aiAnalysis: string; aiSuggestions: string; fileType: string; fileSize: number; externalUrl?: undefined; } | { ...; } | { ...; }' is not assignable to type 'EvidenceItem'.
    Type '{ id: string; title: string; criterion: string; strength: "solid"; strengthScore: number; organization: string; date: string; description: string; aiAnalysis: string; aiSuggestions: string; fileType: null; fileSize: null; externalUrl: string; }' is not assignable to type 'EvidenceItem'.
      Types of property 'fileType' are incompatible.
        Type 'null' is not assignable to type 'string | undefined'.
